{"level":"INFO","message":"[5:19:32.637 PM]: Creating new connection object"}
{"level":"INFO","message":"[5:19:32.815 PM]: Creating Connection[id: cfa4e1d4-75a2-44d4-b208-486eefba1fd7] with host: NYNKYBM-IJ81701.snowflakecomputing.com, account: NYNKYBM-IJ81701, accessUrl: https://NYNKYBM-IJ81701.snowflakecomputing.com, user: ANDANGCH, password is provided, role: undefined, database: CERES_DIGITAL_TWIN, schema: DIGITAL_TWIN_ANALYTICS, warehouse: COMPUTE_WH, region: undefined, authenticator: SNOWFLAKE, ocsp mode: FAIL_OPEN, os: win32, os version: 10.0.19045"}
{"level":"INFO","message":"[5:19:32.816 PM]: Connection[id: cfa4e1d4-75a2-44d4-b208-486eefba1fd7] additional details: passcode in password is provided, passcode is not provided, private key is not provided, application: undefined, client name: snowflake-sdk, client version: 1.15.0, retry timeout: 300, private key path: undefined, private key pass is not provided, client store temporary credential: false, browser response timeout: 120000"}
{"level":"INFO","message":"[5:19:32.818 PM]: Connection[id: cfa4e1d4-75a2-44d4-b208-486eefba1fd7] - connection object created successfully."}
{"level":"INFO","message":"[5:19:32.819 PM]: Connection[id: cfa4e1d4-75a2-44d4-b208-486eefba1fd7] - connecting. Associated Snowflake domain: GLOBAL"}
{"level":"INFO","message":"[5:19:32.822 PM]: Connection[id: cfa4e1d4-75a2-44d4-b208-486eefba1fd7] - authentication successful using: SNOWFLAKE"}
{"level":"INFO","message":"[5:19:32.823 PM]: Trying to initialize Easy Logging"}
{"level":"INFO","message":"[5:19:32.828 PM]: No client config detected."}
{"level":"INFO","message":"[5:19:32.829 PM]: No config file path found. Client config will not be used."}
{"level":"INFO","message":"[5:19:32.830 PM]: Easy Logging is disabled as no config has been found"}
{"level":"INFO","message":"[5:19:32.839 PM]: Connection[id: cfa4e1d4-75a2-44d4-b208-486eefba1fd7] - connected successfully after 19.637899999999718 milliseconds"}
{"level":"INFO","message":"[5:39:04.237 PM]: Creating new connection object"}
{"level":"INFO","message":"[5:39:04.241 PM]: Creating Connection[id: 252fe4a9-f511-4694-a6a2-7a6518dcfaf8] with host: NYNKYBM-IJ81701.snowflakecomputing.com, account: NYNKYBM-IJ81701, accessUrl: https://NYNKYBM-IJ81701.snowflakecomputing.com, user: ANDANGCH, password is provided, role: undefined, database: CERES_DIGITAL_TWIN, schema: DIGITAL_TWIN_ANALYTICS, warehouse: COMPUTE_WH, region: undefined, authenticator: SNOWFLAKE, ocsp mode: FAIL_OPEN, os: win32, os version: 10.0.19045"}
{"level":"INFO","message":"[5:39:04.248 PM]: Connection[id: 252fe4a9-f511-4694-a6a2-7a6518dcfaf8] additional details: passcode in password is provided, passcode is not provided, private key is not provided, application: undefined, client name: snowflake-sdk, client version: 1.15.0, retry timeout: 300, private key path: undefined, private key pass is not provided, client store temporary credential: false, browser response timeout: 120000"}
{"level":"INFO","message":"[5:39:04.250 PM]: Connection[id: 252fe4a9-f511-4694-a6a2-7a6518dcfaf8] - connection object created successfully."}
{"level":"INFO","message":"[5:39:04.253 PM]: Connection[id: 252fe4a9-f511-4694-a6a2-7a6518dcfaf8] - connecting. Associated Snowflake domain: GLOBAL"}
{"level":"INFO","message":"[5:39:04.255 PM]: Connection[id: 252fe4a9-f511-4694-a6a2-7a6518dcfaf8] - authentication successful using: SNOWFLAKE"}
{"level":"INFO","message":"[5:39:04.262 PM]: Connection[id: 252fe4a9-f511-4694-a6a2-7a6518dcfaf8] - connected successfully after 9.662000000011176 milliseconds"}
{"level":"INFO","message":"[12:07:18.230 PM]: Creating new connection object"}
{"level":"INFO","message":"[12:07:18.548 PM]: Creating Connection[id: 71f383bc-5e47-4fe7-956f-efe07a8babfb] with host: NYNKYBM-IJ81701.snowflakecomputing.com, account: NYNKYBM-IJ81701, accessUrl: https://NYNKYBM-IJ81701.snowflakecomputing.com, user: ANDANGCH, password is provided, role: undefined, database: CERES_DIGITAL_TWIN, schema: DIGITAL_TWIN_ANALYTICS, warehouse: COMPUTE_WH, region: undefined, authenticator: SNOWFLAKE, ocsp mode: FAIL_OPEN, os: win32, os version: 10.0.19045"}
{"level":"INFO","message":"[12:07:18.549 PM]: Connection[id: 71f383bc-5e47-4fe7-956f-efe07a8babfb] additional details: passcode in password is provided, passcode is not provided, private key is not provided, application: undefined, client name: snowflake-sdk, client version: 1.15.0, retry timeout: 300, private key path: undefined, private key pass is not provided, client store temporary credential: false, browser response timeout: 120000"}
{"level":"INFO","message":"[12:07:18.550 PM]: Connection[id: 71f383bc-5e47-4fe7-956f-efe07a8babfb] - connection object created successfully."}
{"level":"INFO","message":"[12:07:18.551 PM]: Connection[id: 71f383bc-5e47-4fe7-956f-efe07a8babfb] - connecting. Associated Snowflake domain: GLOBAL"}
{"level":"INFO","message":"[12:07:18.554 PM]: Connection[id: 71f383bc-5e47-4fe7-956f-efe07a8babfb] - authentication successful using: SNOWFLAKE"}
{"level":"INFO","message":"[12:07:18.556 PM]: Trying to initialize Easy Logging"}
{"level":"INFO","message":"[12:07:18.561 PM]: No client config detected."}
{"level":"INFO","message":"[12:07:18.562 PM]: No config file path found. Client config will not be used."}
{"level":"INFO","message":"[12:07:18.563 PM]: Easy Logging is disabled as no config has been found"}
{"level":"INFO","message":"[12:07:18.568 PM]: Connection[id: 71f383bc-5e47-4fe7-956f-efe07a8babfb] - connected successfully after 16.91349999999511 milliseconds"}
{"level":"INFO","message":"[12:30:56.646 PM]: Creating new connection object"}
{"level":"INFO","message":"[12:30:56.649 PM]: Creating Connection[id: eba65e98-a616-40c3-9352-b21ff686eb4e] with host: NYNKYBM-IJ81701.snowflakecomputing.com, account: NYNKYBM-IJ81701, accessUrl: https://NYNKYBM-IJ81701.snowflakecomputing.com, user: ANDANGCH, password is provided, role: undefined, database: CERES_DIGITAL_TWIN, schema: DIGITAL_TWIN_ANALYTICS, warehouse: COMPUTE_WH, region: undefined, authenticator: SNOWFLAKE, ocsp mode: FAIL_OPEN, os: win32, os version: 10.0.19045"}
{"level":"INFO","message":"[12:30:56.650 PM]: Connection[id: eba65e98-a616-40c3-9352-b21ff686eb4e] additional details: passcode in password is provided, passcode is not provided, private key is not provided, application: undefined, client name: snowflake-sdk, client version: 1.15.0, retry timeout: 300, private key path: undefined, private key pass is not provided, client store temporary credential: false, browser response timeout: 120000"}
{"level":"INFO","message":"[12:30:56.650 PM]: Connection[id: eba65e98-a616-40c3-9352-b21ff686eb4e] - connection object created successfully."}
{"level":"INFO","message":"[12:30:56.651 PM]: Connection[id: eba65e98-a616-40c3-9352-b21ff686eb4e] - connecting. Associated Snowflake domain: GLOBAL"}
{"level":"INFO","message":"[12:30:56.652 PM]: Connection[id: eba65e98-a616-40c3-9352-b21ff686eb4e] - authentication successful using: SNOWFLAKE"}
{"level":"INFO","message":"[12:30:56.654 PM]: Connection[id: eba65e98-a616-40c3-9352-b21ff686eb4e] - connected successfully after 3.871000000042841 milliseconds"}
{"level":"INFO","message":"[2:20:20.653 PM]: Creating new connection object"}
{"level":"INFO","message":"[2:20:20.654 PM]: Creating Connection[id: 0127d125-acf1-4794-911c-9697b91cd366] with host: NYNKYBM-IJ81701.snowflakecomputing.com, account: NYNKYBM-IJ81701, accessUrl: https://NYNKYBM-IJ81701.snowflakecomputing.com, user: ANDANGCH, password is provided, role: undefined, database: CERES_DIGITAL_TWIN, schema: DIGITAL_TWIN_ANALYTICS, warehouse: COMPUTE_WH, region: undefined, authenticator: SNOWFLAKE, ocsp mode: FAIL_OPEN, os: win32, os version: 10.0.19045"}
{"level":"INFO","message":"[2:20:20.655 PM]: Connection[id: 0127d125-acf1-4794-911c-9697b91cd366] additional details: passcode in password is provided, passcode is not provided, private key is not provided, application: undefined, client name: snowflake-sdk, client version: 1.15.0, retry timeout: 300, private key path: undefined, private key pass is not provided, client store temporary credential: false, browser response timeout: 120000"}
{"level":"INFO","message":"[2:20:20.656 PM]: Connection[id: 0127d125-acf1-4794-911c-9697b91cd366] - connection object created successfully."}
{"level":"INFO","message":"[2:20:20.656 PM]: Connection[id: 0127d125-acf1-4794-911c-9697b91cd366] - connecting. Associated Snowflake domain: GLOBAL"}
{"level":"INFO","message":"[2:20:20.657 PM]: Connection[id: 0127d125-acf1-4794-911c-9697b91cd366] - authentication successful using: SNOWFLAKE"}
{"level":"INFO","message":"[2:20:20.658 PM]: Connection[id: 0127d125-acf1-4794-911c-9697b91cd366] - connected successfully after 1.4256999995559454 milliseconds"}
{"level":"INFO","message":"[5:30:23.265 PM]: Creating new connection object"}
{"level":"INFO","message":"[5:30:23.290 PM]: Creating Connection[id: a860a174-fdf6-498b-8777-c7998f6f0239] with host: NYNKYBM-IJ81701.snowflakecomputing.com, account: NYNKYBM-IJ81701, accessUrl: https://NYNKYBM-IJ81701.snowflakecomputing.com, user: ANDANGCH, password is provided, role: undefined, database: CERES_DIGITAL_TWIN, schema: DIGITAL_TWIN_ANALYTICS, warehouse: COMPUTE_WH, region: undefined, authenticator: SNOWFLAKE, ocsp mode: FAIL_OPEN, os: win32, os version: 10.0.19045"}
{"level":"INFO","message":"[5:30:23.291 PM]: Connection[id: a860a174-fdf6-498b-8777-c7998f6f0239] additional details: passcode in password is provided, passcode is not provided, private key is not provided, application: undefined, client name: snowflake-sdk, client version: 1.15.0, retry timeout: 300, private key path: undefined, private key pass is not provided, client store temporary credential: false, browser response timeout: 120000"}
{"level":"INFO","message":"[5:30:23.292 PM]: Connection[id: a860a174-fdf6-498b-8777-c7998f6f0239] - connection object created successfully."}
{"level":"INFO","message":"[5:30:23.293 PM]: Connection[id: a860a174-fdf6-498b-8777-c7998f6f0239] - connecting. Associated Snowflake domain: GLOBAL"}
{"level":"INFO","message":"[5:30:23.296 PM]: Connection[id: a860a174-fdf6-498b-8777-c7998f6f0239] - authentication successful using: SNOWFLAKE"}
{"level":"INFO","message":"[5:30:23.297 PM]: Trying to initialize Easy Logging"}
{"level":"INFO","message":"[5:30:23.302 PM]: No client config detected."}
{"level":"INFO","message":"[5:30:23.303 PM]: No config file path found. Client config will not be used."}
{"level":"INFO","message":"[5:30:23.303 PM]: Easy Logging is disabled as no config has been found"}
{"level":"INFO","message":"[5:30:23.309 PM]: Connection[id: a860a174-fdf6-498b-8777-c7998f6f0239] - connected successfully after 15.652099999999336 milliseconds"}
